sora@DESKTOP-70J63TL:/mnt/c/Users/sora/Desktop/khaos-sora-minishell$ export aa="echo hello"
sora@DESKTOP-70J63TL:/mnt/c/Users/sora/Desktop/khaos-sora-minishell$ $aa
hello
sora@DESKTOP-70J63TL:/mnt/c/Users/sora/Desktop/khaos-sora-minishell$ export aa='echo hello'
sora@DESKTOP-70J63TL:/mnt/c/Users/sora/Desktop/khaos-sora-minishell$ $aa
hello
sora@DESKTOP-70J63TL:/mnt/c/Users/sora/Desktop/khaos-sora-minishell$ $HOME
bash: /home/sora: Is a directory
sora@DESKTOP-70J63TL:/mnt/c/Users/sora/Desktop/khaos-sora-minishell$ echo $"HOME"
HOME
sora@DESKTOP-70J63TL:/mnt/c/Users/sora/Desktop/khaos-sora-minishell$ echo ${HOME}
/home/sora
//minishellde olan
sora@DESKTOP-70J63TL:/mnt/c/Users/sora/Desktop/khaos-sora-minishell$ ./minishell
minishell$ export aa="echo hello"
minishell$ $aa
minishell: echo hello: command not found
minishell$ $HOME
minishell: /home/sora: Is a directory
minishell$ echo $"HOME"
$HOME
minishell$ echo ${HOME}
${HOME}
minishell$

sora@DESKTOP-70J63TL:/mnt/c/Users/sora/Desktop/khaos-sora-minishell$ ""
Command '' not found, but can be installed with:
sora@DESKTOP-70J63TL:/mnt/c/Users/sora/Desktop/khaos-sora-minishell$ ''
Command '' not found, but can be installed with:
// minishelde olan
sora@DESKTOP-70J63TL:/mnt/c/Users/sora/Desktop/khaos-sora-minishell$ ./minishell
minishell$ ""
minishell: /home/sora/.local/bin/: Is a directory
minishell$ ''
minishell: /home/sora/.local/bin/: Is a directory
minishell$