	 
./minishell | ./minishell | ./minishell => patladı hepsini sırayla çalıştırması lazım

akivam@k1m10s08 /sgoinfre/akivam/khaos-sora-minishell
 % bash
akivam@k1m10s08:/sgoinfre/akivam/khaos-sora-minishell$ bash | bash | bash
akivam@k1m10s08:/sgoinfre/akivam/khaos-sora-minishell$ ls
bash: line 1: syntax error near unexpected token `newline'
bash: line 1: `<'
akivam@k1m10s08:/sgoinfre/akivam/khaos-sora-minishell$ 

bende olan
minishell$ cat << aa""
> $USER
> aa
> aa""
akivam
aa
minishell

bashte olan
 % bash
akivam@k1m10s08:/sgoinfre/akivam/khaos-sora-minishell$ cat << aa""
> $USER
> aa
$USER

cat | cat | ls
minishell$ cat | cat | ls
'<'			   executor		     main.c	     prompt.c
 a			   executor_error	     main_utils2.c   prompt_utils.c
 aaa			   expander		     main_utils.c    readline.supp
 a.sh			   FILE_DOCUMENTATION.md     Makefile	     README.md
 builtins		   history_manager.c	     minishell	     resources
 config_loader.c	   history_manager_utils.c   minishell.h     signals
 config_loader_utils.c	   leak-check.sh	     obj	     structs_enums_summary.md
 DOSYA_DOKUMANTASYONU.md   lexer		     obj_bonus	     utils
 env			   libs			     parser
cat: write error: Broken pipe

akivam@k1m10s08:/sgoinfre/akivam/khaos-sora-minishell$ cat | cat | ls
'<'			   executor		     main.c	     prompt.c
 a			   executor_error	     main_utils2.c   prompt_utils.c
 aaa			   expander		     main_utils.c    readline.supp
 a.sh			   FILE_DOCUMENTATION.md     Makefile	     README.md
 builtins		   history_manager.c	     minishell	     resources
 config_loader.c	   history_manager_utils.c   minishell.h     signals
 config_loader_utils.c	   leak-check.sh	     obj	     structs_enums_summary.md
 DOSYA_DOKUMANTASYONU.md   lexer		     obj_bonus	     utils
 env			   libs			     parser



history file heredoc ta ctrl c atınca patlıyor enter diyince düzeliyor


prosess alma minishell$ ps
    PID TTY          TIME CMD
 704719 pts/1    00:00:00 zsh
 707567 pts/1    00:00:00 minishell
 707636 pts/1    00:00:00 leak-check.sh
 707637 pts/1    00:00:00 memcheck-amd64-
 709568 pts/1    00:00:00 ps
minishell$ 

akivam@k1m10s08 /sgoinfre/akivam/khaos-sora-minishell
 % ./minishell 
minishell$ cat << a
> minishell$ 



akivam@k1m10s08:/sgoinfre/akivam$ cat << a
> 
bash: warning: here-document at line 21 delimited by end-of-file (wanted `a')
akivam@k1m10s08:/sgoinfre/akivam$ 

akivam@k1m10s08:/sgoinfre/akivam/khaos-sora-minishell$ echo $?
0

pid eksik
minishell$ echo -u hello$$
-u hello0
minishell$ $$
minishell: 0: command not found
minishell$ 

garbage colleter nasıl kurtarır örneği
akivam@k1m10s08:/sgoinfre/akivam/khaos-sora-minishell$ while true; do echo; done || ./minishell 

